[12:11:36] [main/INFO] (Launcher) ModLauncher running: args [--launchTarget, forgeclientuserdev, --version, MOD_DEV, --assetIndex, 1.20.1-5, --assetsDir, D:\.gradle\caches\fabric-loom\assets, --gameDir, ., --fml.forgeVersion, 47.4.10, --fml.mcVersion, 1.20.1, --fml.forgeGroup, net.minecraftforge, --fml.mcpVersion, 20230612.114412, -mixin.config, vulkanmod.mixins.json]
[12:11:36] [main/INFO] (Launcher) ModLauncher 10.0.9+10.0.9+main.dcd20f30 starting: java version 21.0.2 by Oracle Corporation; OS Windows 11 arch amd64 version 10.0
[12:11:36] [main/INFO] (unprotect) Initializing Unprotect using ModLauncher backend, target: Minecraft and loader classes (minecraft+forge)
[12:11:36] [main/WARN] (FMLConfig) Configuration file D:\VulaknModReForged\vulkanmod-1.20.1-forge-only-template\run\config\fml.toml is not correct. Correcting
[12:11:36] [main/INFO] (FMLConfig) Incorrect key [earlyWindowLogHelpMessage] was corrected from null to true
[12:11:36] [main/INFO] (ImmediateWindowHandler) Loading ImmediateWindowProvider fmlearlywindow
[12:11:36] [main/INFO] (EARLYDISPLAY) Trying GL version 4.6
[12:11:36] [main/INFO] (EARLYDISPLAY) If this message is the only thing at the bottom of your log before a crash, you probably have a driver issue.

Possible solutions:
A) Make sure Minecraft is set to prefer high performance graphics in the OS and/or driver control panel
B) Check for driver updates on the graphics brand's website
C) Try reinstalling your graphics drivers
D) If still not working after trying all of the above, ask for further help on the Forge forums or Discord

You can safely ignore this message if the game starts up successfully.
[12:11:36] [main/INFO] (EARLYDISPLAY) Requested GL version 4.6 got version 4.6
[12:11:37] [main/INFO] (mixin) SpongePowered MIXIN Subsystem Version=0.8.5 Source=union:/D:/.gradle/caches/modules-2/files-2.1/dev.architectury/mixin-patched/0.8.5.12/cf1f787f58d3b08b0cb53ecbba7928c09a1893c8/mixin-patched-0.8.5.12.jar%23130!/ Service=ModLauncher Env=CLIENT
[12:11:37] [pool-2-thread-1/INFO] (EARLYDISPLAY) GL info: Intel(R) Iris(R) Xe Graphics GL version 4.6.0 - Build 31.0.101.4502, Intel
[12:11:38] [main/WARN] (ModFileParser) Mod file D:\.gradle\caches\modules-2\files-2.1\net.minecraftforge\javafmllanguage\1.20.1-47.4.10\ccc533c7dd67e0983217197d7549c8b49e7ab453\javafmllanguage-1.20.1-47.4.10.jar is missing mods.toml file
[12:11:38] [main/WARN] (ModFileParser) Mod file D:\.gradle\caches\modules-2\files-2.1\net.minecraftforge\lowcodelanguage\1.20.1-47.4.10\e9a2879fe3612ea34b9728ec2633304a1e67d480\lowcodelanguage-1.20.1-47.4.10.jar is missing mods.toml file
[12:11:38] [main/WARN] (ModFileParser) Mod file D:\.gradle\caches\modules-2\files-2.1\net.minecraftforge\mclanguage\1.20.1-47.4.10\ec5cefbbc65c67302b8fac317010faab85fa14b9\mclanguage-1.20.1-47.4.10.jar is missing mods.toml file
[12:11:38] [main/WARN] (ModFileParser) Mod file D:\.gradle\caches\modules-2\files-2.1\net.minecraftforge\fmlcore\1.20.1-47.4.10\94dae566be650566ea9115a1414ab76bfcf5a804\fmlcore-1.20.1-47.4.10.jar is missing mods.toml file
[12:11:38] [main/INFO] (ModDiscoverer) Found mod file javafmllanguage-1.20.1-47.4.10.jar of type LANGPROVIDER with provider net.minecraftforge.fml.loading.moddiscovery.MinecraftLocator@51671b08
[12:11:38] [main/INFO] (ModDiscoverer) Found mod file lowcodelanguage-1.20.1-47.4.10.jar of type LANGPROVIDER with provider net.minecraftforge.fml.loading.moddiscovery.MinecraftLocator@51671b08
[12:11:38] [main/INFO] (ModDiscoverer) Found mod file mclanguage-1.20.1-47.4.10.jar of type LANGPROVIDER with provider net.minecraftforge.fml.loading.moddiscovery.MinecraftLocator@51671b08
[12:11:38] [main/INFO] (ModDiscoverer) Found mod file fmlcore-1.20.1-47.4.10.jar of type LIBRARY with provider net.minecraftforge.fml.loading.moddiscovery.MinecraftLocator@51671b08
[12:11:38] [main/INFO] (ModDiscoverer) Found mod file forge-1.20.1-47.4.10-minecraft-merged-1.20.1-loom.mappings.1_20_1.layered+hash.40359-v2-forge-1.20.1-47.4.10.jar of type MOD with provider net.minecraftforge.fml.loading.moddiscovery.MinecraftLocator@51671b08
[12:11:38] [main/INFO] (ModDiscoverer) Found mod file main of type MOD with provider net.minecraftforge.fml.loading.moddiscovery.MinecraftLocator@51671b08
[12:11:38] [main/INFO] (ModDiscoverer) Found mod file  of type MOD with provider net.minecraftforge.fml.loading.moddiscovery.MinecraftLocator@51671b08
